[2025-06-07T03:48:28.647+0000] {taskinstance.py:1956} INFO - Dependencies all met for dep_context=non-requeueable deps ti=<TaskInstance: deep_models_pipeline.predict_best_model manual__2025-06-07T03:42:01.255982+00:00 [queued]>
[2025-06-07T03:48:28.655+0000] {taskinstance.py:1956} INFO - Dependencies all met for dep_context=requeueable deps ti=<TaskInstance: deep_models_pipeline.predict_best_model manual__2025-06-07T03:42:01.255982+00:00 [queued]>
[2025-06-07T03:48:28.656+0000] {taskinstance.py:2170} INFO - Starting attempt 3 of 3
[2025-06-07T03:48:28.668+0000] {taskinstance.py:2191} INFO - Executing <Task(PythonOperator): predict_best_model> on 2025-06-07 03:42:01.255982+00:00
[2025-06-07T03:48:28.675+0000] {standard_task_runner.py:60} INFO - Started process 810 to run task
[2025-06-07T03:48:28.679+0000] {standard_task_runner.py:87} INFO - Running: ['***', 'tasks', 'run', 'deep_models_pipeline', 'predict_best_model', 'manual__2025-06-07T03:42:01.255982+00:00', '--job-id', '2430', '--raw', '--subdir', 'DAGS_FOLDER/train_deep_model_dag.py', '--cfg-path', '/tmp/tmped69kh87']
[2025-06-07T03:48:28.681+0000] {standard_task_runner.py:88} INFO - Job 2430: Subtask predict_best_model
[2025-06-07T03:48:28.732+0000] {task_command.py:423} INFO - Running <TaskInstance: deep_models_pipeline.predict_best_model manual__2025-06-07T03:42:01.255982+00:00 [running]> on host 15daee2d5ed2
[2025-06-07T03:48:28.812+0000] {taskinstance.py:2480} INFO - Exporting env vars: AIRFLOW_CTX_DAG_OWNER='***' AIRFLOW_CTX_DAG_ID='deep_models_pipeline' AIRFLOW_CTX_TASK_ID='predict_best_model' AIRFLOW_CTX_EXECUTION_DATE='2025-06-07T03:42:01.255982+00:00' AIRFLOW_CTX_TRY_NUMBER='3' AIRFLOW_CTX_DAG_RUN_ID='manual__2025-06-07T03:42:01.255982+00:00'
[2025-06-07T03:48:28.813+0000] {train_deep_model_dag.py:13} INFO - üü¶ Running command: python /opt/***/src/models/predict_best_model.py
[2025-06-07T03:48:36.099+0000] {train_deep_model_dag.py:20} INFO - üü© [stdout]:

[2025-06-07T03:48:36.100+0000] {train_deep_model_dag.py:22} WARNING - üü® [stderr]:
2025-06-07 03:48:30,684 - INFO - üöÄ Starte Prediction f√ºr hybrid_deep_model √ºber MLflow Registry
2025-06-07 03:48:30,684 - INFO - üì¶ Lade Modell: models:/hybrid_deep_model@best_model

Downloading artifacts:   0%|          | 0/8 [00:00<?, ?it/s]
Downloading artifacts:  12%|‚ñà‚ñé        | 1/8 [00:00<00:00, 10180.35it/s]
Downloading artifacts:  25%|‚ñà‚ñà‚ñå       | 2/8 [00:00<00:00,  8.91it/s]   
Downloading artifacts:  25%|‚ñà‚ñà‚ñå       | 2/8 [00:00<00:00,  8.91it/s]
Downloading artifacts:  38%|‚ñà‚ñà‚ñà‚ñä      | 3/8 [00:00<00:00,  8.91it/s]
Downloading artifacts:  50%|‚ñà‚ñà‚ñà‚ñà‚ñà     | 4/8 [00:00<00:00, 12.34it/s]
Downloading artifacts:  50%|‚ñà‚ñà‚ñà‚ñà‚ñà     | 4/8 [00:00<00:00, 12.34it/s]
Downloading artifacts:  62%|‚ñà‚ñà‚ñà‚ñà‚ñà‚ñà‚ñé   | 5/8 [00:01<00:00, 12.34it/s]
Downloading artifacts:  75%|‚ñà‚ñà‚ñà‚ñà‚ñà‚ñà‚ñà‚ñå  | 6/8 [00:01<00:00,  3.98it/s]
Downloading artifacts:  75%|‚ñà‚ñà‚ñà‚ñà‚ñà‚ñà‚ñà‚ñå  | 6/8 [00:01<00:00,  3.98it/s]
Downloading artifacts:  88%|‚ñà‚ñà‚ñà‚ñà‚ñà‚ñà‚ñà‚ñà‚ñä | 7/8 [00:01<00:00,  3.66it/s]
Downloading artifacts:  88%|‚ñà‚ñà‚ñà‚ñà‚ñà‚ñà‚ñà‚ñà‚ñä | 7/8 [00:01<00:00,  3.66it/s]
Downloading artifacts: 100%|‚ñà‚ñà‚ñà‚ñà‚ñà‚ñà‚ñà‚ñà‚ñà‚ñà| 8/8 [00:02<00:00,  2.19it/s]
Downloading artifacts: 100%|‚ñà‚ñà‚ñà‚ñà‚ñà‚ñà‚ñà‚ñà‚ñà‚ñà| 8/8 [00:02<00:00,  2.19it/s]
Downloading artifacts: 100%|‚ñà‚ñà‚ñà‚ñà‚ñà‚ñà‚ñà‚ñà‚ñà‚ñà| 8/8 [00:02<00:00,  3.11it/s]
2025-06-07 03:48:35,735 - INFO - üì• Embedding geladen: /opt/***/data/processed/hybrid_deep_embedding.csv ‚Äì Shape: (10381, 32)
2025-06-07 03:48:35,749 - ERROR - ‚ùå Fehler bei der Modellvorhersage: Failed to enforce schema of data '       emb_0     emb_1     emb_2  ...    emb_29    emb_30    emb_31
1   0.319853 -0.539765  0.632804  ...  0.095403 -0.255994 -0.543114
2   0.037024 -0.404536  0.081941  ... -0.001328 -0.085451 -0.346422
3   0.116108 -0.273378  0.171700  ... -0.046892  0.329330 -0.119838
4  -0.083230 -0.304920  0.150186  ... -0.036753  0.085457  0.119125
5   0.040081 -0.404798  0.049807  ... -0.094050  0.232862 -0.131277
6   0.194603 -0.403610  0.026403  ... -0.250867  0.317581 -0.118478
7  -0.050755 -0.141626  0.264765  ... -0.231398  0.220022  0.037064
8   0.058032 -0.229068  0.154589  ...  0.097970  0.065762 -0.042042
9   0.259519 -0.364390 -0.142254  ... -0.343697  0.482783 -0.165639
10  0.238326 -0.109720 -0.068982  ... -0.194564  0.057738 -0.520697

[10 rows x 32 columns]' with schema '['emb_0': float (required), 'emb_1': float (required), 'emb_2': float (required), 'emb_3': float (required), 'emb_4': float (required), 'emb_5': float (required), 'emb_6': float (required), 'emb_7': float (required), 'emb_8': float (required), 'emb_9': float (required), 'emb_10': float (required), 'emb_11': float (required), 'emb_12': float (required), 'emb_13': float (required), 'emb_14': float (required), 'emb_15': float (required), 'emb_16': float (required), 'emb_17': float (required), 'emb_18': float (required), 'emb_19': float (required), 'emb_20': float (required), 'emb_21': float (required), 'emb_22': float (required), 'emb_23': float (required), 'emb_24': float (required), 'emb_25': float (required), 'emb_26': float (required), 'emb_27': float (required), 'emb_28': float (required), 'emb_29': float (required), 'emb_30': float (required), 'emb_31': float (required), 'emb_32': float (required), 'emb_33': float (required), 'emb_34': float (required), 'emb_35': float (required), 'emb_36': float (required), 'emb_37': float (required), 'emb_38': float (required), 'emb_39': float (required)]'. Error: Model is missing inputs ['emb_32', 'emb_33', 'emb_34', 'emb_35', 'emb_36', 'emb_37', 'emb_38', 'emb_39'].
Traceback (most recent call last):
  File "/home/***/.local/lib/python3.10/site-packages/mlflow/pyfunc/__init__.py", line 730, in _validate_prediction_input
    data = _enforce_schema(data, input_schema, flavor)
  File "/home/***/.local/lib/python3.10/site-packages/mlflow/models/utils.py", line 1259, in _enforce_schema
    raise MlflowException(message)
mlflow.exceptions.MlflowException: Model is missing inputs ['emb_32', 'emb_33', 'emb_34', 'emb_35', 'emb_36', 'emb_37', 'emb_38', 'emb_39'].

During handling of the above exception, another exception occurred:

Traceback (most recent call last):
  File "/opt/***/src/models/predict_best_model.py", line 72, in <module>
    predict_best_model(n_users=args.n_users)
  File "/opt/***/src/models/predict_best_model.py", line 43, in predict_best_model
    predictions = model.predict(input_df)
  File "/home/***/.local/lib/python3.10/site-packages/mlflow/pyfunc/__init__.py", line 812, in predict
    return self._predict(data, params)
  File "/home/***/.local/lib/python3.10/site-packages/mlflow/pyfunc/__init__.py", line 851, in _predict
    data, params = _validate_prediction_input(
  File "/home/***/.local/lib/python3.10/site-packages/mlflow/pyfunc/__init__.py", line 733, in _validate_prediction_input
    raise MlflowException.invalid_parameter_value(
mlflow.exceptions.MlflowException: Failed to enforce schema of data '       emb_0     emb_1     emb_2  ...    emb_29    emb_30    emb_31
1   0.319853 -0.539765  0.632804  ...  0.095403 -0.255994 -0.543114
2   0.037024 -0.404536  0.081941  ... -0.001328 -0.085451 -0.346422
3   0.116108 -0.273378  0.171700  ... -0.046892  0.329330 -0.119838
4  -0.083230 -0.304920  0.150186  ... -0.036753  0.085457  0.119125
5   0.040081 -0.404798  0.049807  ... -0.094050  0.232862 -0.131277
6   0.194603 -0.403610  0.026403  ... -0.250867  0.317581 -0.118478
7  -0.050755 -0.141626  0.264765  ... -0.231398  0.220022  0.037064
8   0.058032 -0.229068  0.154589  ...  0.097970  0.065762 -0.042042
9   0.259519 -0.364390 -0.142254  ... -0.343697  0.482783 -0.165639
10  0.238326 -0.109720 -0.068982  ... -0.194564  0.057738 -0.520697

[10 rows x 32 columns]' with schema '['emb_0': float (required), 'emb_1': float (required), 'emb_2': float (required), 'emb_3': float (required), 'emb_4': float (required), 'emb_5': float (required), 'emb_6': float (required), 'emb_7': float (required), 'emb_8': float (required), 'emb_9': float (required), 'emb_10': float (required), 'emb_11': float (required), 'emb_12': float (required), 'emb_13': float (required), 'emb_14': float (required), 'emb_15': float (required), 'emb_16': float (required), 'emb_17': float (required), 'emb_18': float (required), 'emb_19': float (required), 'emb_20': float (required), 'emb_21': float (required), 'emb_22': float (required), 'emb_23': float (required), 'emb_24': float (required), 'emb_25': float (required), 'emb_26': float (required), 'emb_27': float (required), 'emb_28': float (required), 'emb_29': float (required), 'emb_30': float (required), 'emb_31': float (required), 'emb_32': float (required), 'emb_33': float (required), 'emb_34': float (required), 'emb_35': float (required), 'emb_36': float (required), 'emb_37': float (required), 'emb_38': float (required), 'emb_39': float (required)]'. Error: Model is missing inputs ['emb_32', 'emb_33', 'emb_34', 'emb_35', 'emb_36', 'emb_37', 'emb_38', 'emb_39'].

[2025-06-07T03:48:36.100+0000] {train_deep_model_dag.py:29} ERROR - ‚ùå Subprozess-Fehler (exit code 1): python /opt/***/src/models/predict_best_model.py
[2025-06-07T03:48:36.101+0000] {train_deep_model_dag.py:32} ERROR - ‚ùå Subprozess-Ausnahme: Command '['python', '/opt/***/src/models/predict_best_model.py']' returned non-zero exit status 1.
[2025-06-07T03:48:36.101+0000] {taskinstance.py:2698} ERROR - Task failed with exception
Traceback (most recent call last):
  File "/home/airflow/.local/lib/python3.10/site-packages/airflow/models/taskinstance.py", line 433, in _execute_task
    result = execute_callable(context=context, **execute_callable_kwargs)
  File "/home/airflow/.local/lib/python3.10/site-packages/airflow/operators/python.py", line 199, in execute
    return_value = self.execute_callable()
  File "/home/airflow/.local/lib/python3.10/site-packages/airflow/operators/python.py", line 216, in execute_callable
    return self.python_callable(*self.op_args, **self.op_kwargs)
  File "/opt/airflow/dags/train_deep_model_dag.py", line 71, in run_predict_best_model
    run_and_log(["python", "/opt/airflow/src/models/predict_best_model.py"])
  File "/opt/airflow/dags/train_deep_model_dag.py", line 30, in run_and_log
    raise subprocess.CalledProcessError(result.returncode, command)
subprocess.CalledProcessError: Command '['python', '/opt/airflow/src/models/predict_best_model.py']' returned non-zero exit status 1.
[2025-06-07T03:48:36.110+0000] {taskinstance.py:1138} INFO - Marking task as FAILED. dag_id=deep_models_pipeline, task_id=predict_best_model, execution_date=20250607T034201, start_date=20250607T034828, end_date=20250607T034836
[2025-06-07T03:48:36.118+0000] {standard_task_runner.py:107} ERROR - Failed to execute job 2430 for task predict_best_model (Command '['python', '/opt/airflow/src/models/predict_best_model.py']' returned non-zero exit status 1.; 810)
[2025-06-07T03:48:36.140+0000] {local_task_job_runner.py:234} INFO - Task exited with return code 1
[2025-06-07T03:48:36.152+0000] {taskinstance.py:3280} INFO - 0 downstream tasks scheduled from follow-on schedule check
