[2025-06-06T19:38:37.134+0000] {taskinstance.py:1956} INFO - Dependencies all met for dep_context=non-requeueable deps ti=<TaskInstance: deep_models_pipeline.predict_best_model manual__2025-06-06T19:37:02.128433+00:00 [queued]>
[2025-06-06T19:38:37.144+0000] {taskinstance.py:1956} INFO - Dependencies all met for dep_context=requeueable deps ti=<TaskInstance: deep_models_pipeline.predict_best_model manual__2025-06-06T19:37:02.128433+00:00 [queued]>
[2025-06-06T19:38:37.144+0000] {taskinstance.py:2170} INFO - Starting attempt 1 of 3
[2025-06-06T19:38:37.158+0000] {taskinstance.py:2191} INFO - Executing <Task(PythonOperator): predict_best_model> on 2025-06-06 19:37:02.128433+00:00
[2025-06-06T19:38:37.165+0000] {standard_task_runner.py:60} INFO - Started process 603 to run task
[2025-06-06T19:38:37.167+0000] {standard_task_runner.py:87} INFO - Running: ['***', 'tasks', 'run', 'deep_models_pipeline', 'predict_best_model', 'manual__2025-06-06T19:37:02.128433+00:00', '--job-id', '2238', '--raw', '--subdir', 'DAGS_FOLDER/train_deep_model_dag.py', '--cfg-path', '/tmp/tmpea14n8wv']
[2025-06-06T19:38:37.168+0000] {standard_task_runner.py:88} INFO - Job 2238: Subtask predict_best_model
[2025-06-06T19:38:37.212+0000] {task_command.py:423} INFO - Running <TaskInstance: deep_models_pipeline.predict_best_model manual__2025-06-06T19:37:02.128433+00:00 [running]> on host 32ec0dd923ba
[2025-06-06T19:38:37.290+0000] {taskinstance.py:2480} INFO - Exporting env vars: AIRFLOW_CTX_DAG_OWNER='***' AIRFLOW_CTX_DAG_ID='deep_models_pipeline' AIRFLOW_CTX_TASK_ID='predict_best_model' AIRFLOW_CTX_EXECUTION_DATE='2025-06-06T19:37:02.128433+00:00' AIRFLOW_CTX_TRY_NUMBER='1' AIRFLOW_CTX_DAG_RUN_ID='manual__2025-06-06T19:37:02.128433+00:00'
[2025-06-06T19:38:37.291+0000] {train_deep_model_dag.py:13} INFO - üü¶ Running command: python /opt/***/src/models/predict_best_model.py
[2025-06-06T19:38:52.821+0000] {train_deep_model_dag.py:20} INFO - üü© [stdout]:

[2025-06-06T19:38:52.821+0000] {train_deep_model_dag.py:22} WARNING - üü® [stderr]:
2025-06-06 19:38:39,345 - INFO - üöÄ Starte Prediction f√ºr hybrid_deep_model √ºber MLflow Registry
2025-06-06 19:38:39,346 - INFO - üì¶ Lade Modell: models:/hybrid_deep_model@best_model

Downloading artifacts:   0%|          | 0/8 [00:00<?, ?it/s]
Downloading artifacts:  12%|‚ñà‚ñé        | 1/8 [00:00<00:00, 11366.68it/s]
Downloading artifacts:  25%|‚ñà‚ñà‚ñå       | 2/8 [00:01<00:03,  1.83it/s]   
Downloading artifacts:  25%|‚ñà‚ñà‚ñå       | 2/8 [00:01<00:03,  1.83it/s]
Downloading artifacts:  38%|‚ñà‚ñà‚ñà‚ñä      | 3/8 [00:02<00:03,  1.41it/s]
Downloading artifacts:  38%|‚ñà‚ñà‚ñà‚ñä      | 3/8 [00:02<00:03,  1.41it/s]
Downloading artifacts:  50%|‚ñà‚ñà‚ñà‚ñà‚ñà     | 4/8 [00:02<00:03,  1.30it/s]
Downloading artifacts:  50%|‚ñà‚ñà‚ñà‚ñà‚ñà     | 4/8 [00:02<00:03,  1.30it/s]
Downloading artifacts:  62%|‚ñà‚ñà‚ñà‚ñà‚ñà‚ñà‚ñé   | 5/8 [00:04<00:03,  1.02s/it]
Downloading artifacts:  62%|‚ñà‚ñà‚ñà‚ñà‚ñà‚ñà‚ñé   | 5/8 [00:04<00:03,  1.02s/it]
Downloading artifacts:  75%|‚ñà‚ñà‚ñà‚ñà‚ñà‚ñà‚ñà‚ñå  | 6/8 [00:04<00:01,  1.19it/s]
Downloading artifacts:  75%|‚ñà‚ñà‚ñà‚ñà‚ñà‚ñà‚ñà‚ñå  | 6/8 [00:04<00:01,  1.19it/s]
Downloading artifacts:  88%|‚ñà‚ñà‚ñà‚ñà‚ñà‚ñà‚ñà‚ñà‚ñä | 7/8 [00:05<00:00,  1.11it/s]
Downloading artifacts:  88%|‚ñà‚ñà‚ñà‚ñà‚ñà‚ñà‚ñà‚ñà‚ñä | 7/8 [00:05<00:00,  1.11it/s]
Downloading artifacts: 100%|‚ñà‚ñà‚ñà‚ñà‚ñà‚ñà‚ñà‚ñà‚ñà‚ñà| 8/8 [00:06<00:00,  1.08it/s]
Downloading artifacts: 100%|‚ñà‚ñà‚ñà‚ñà‚ñà‚ñà‚ñà‚ñà‚ñà‚ñà| 8/8 [00:06<00:00,  1.08it/s]
Downloading artifacts: 100%|‚ñà‚ñà‚ñà‚ñà‚ñà‚ñà‚ñà‚ñà‚ñà‚ñà| 8/8 [00:06<00:00,  1.16it/s]
2025-06-06 19:38:52,322 - INFO - üì• Embedding geladen: /opt/***/data/processed/hybrid_deep_embedding.csv ‚Äì Shape: (10381, 32)
2025-06-06 19:38:52,340 - ERROR - ‚ùå Fehler bei der Modellvorhersage: Failed to enforce schema of data '       emb_0     emb_1     emb_2  ...    emb_29    emb_30    emb_31
1  -0.447558  0.658591 -0.366970  ...  0.003412  0.345833 -0.240265
2  -0.487594  0.346592 -0.093707  ... -0.471943  0.136796 -0.007097
3  -0.312335  0.055252 -0.121877  ... -0.023317  0.416304  0.138823
4  -0.434021  0.030295 -0.239490  ... -0.022076  0.082669  0.080820
5  -0.535540  0.058741 -0.190164  ... -0.087738  0.592876  0.012017
6  -0.170633  0.066202 -0.509604  ...  0.083841  0.008202 -0.058397
7  -0.376585 -0.150507 -0.166352  ... -0.008591  0.428270  0.104916
8  -0.571281  0.139313 -0.153991  ...  0.031121  0.115442  0.020792
9  -0.396711  0.045777 -0.213969  ... -0.366294  0.285818 -0.007895
10 -0.477681 -0.063282 -0.142687  ... -0.161980  0.533483  0.344441

[10 rows x 32 columns]' with schema '['emb_0': float (required), 'emb_1': float (required), 'emb_2': float (required), 'emb_3': float (required), 'emb_4': float (required), 'emb_5': float (required), 'emb_6': float (required), 'emb_7': float (required), 'emb_8': float (required), 'emb_9': float (required), 'emb_10': float (required), 'emb_11': float (required), 'emb_12': float (required), 'emb_13': float (required), 'emb_14': float (required), 'emb_15': float (required), 'emb_16': float (required), 'emb_17': float (required), 'emb_18': float (required), 'emb_19': float (required), 'emb_20': float (required), 'emb_21': float (required), 'emb_22': float (required), 'emb_23': float (required), 'emb_24': float (required), 'emb_25': float (required), 'emb_26': float (required), 'emb_27': float (required), 'emb_28': float (required), 'emb_29': float (required), 'emb_30': float (required), 'emb_31': float (required)]'. Error: Incompatible input types for column emb_0. Can not safely convert float64 to float32.
Traceback (most recent call last):
  File "/home/***/.local/lib/python3.10/site-packages/mlflow/pyfunc/__init__.py", line 730, in _validate_prediction_input
    data = _enforce_schema(data, input_schema, flavor)
  File "/home/***/.local/lib/python3.10/site-packages/mlflow/models/utils.py", line 1284, in _enforce_schema
    _enforce_named_col_schema(pf_input, input_schema)
  File "/home/***/.local/lib/python3.10/site-packages/mlflow/models/utils.py", line 986, in _enforce_named_col_schema
    new_pf_input[name] = _enforce_mlflow_datatype(name, pf_input[name], input_type)
  File "/home/***/.local/lib/python3.10/site-packages/mlflow/models/utils.py", line 878, in _enforce_mlflow_datatype
    raise MlflowException(
mlflow.exceptions.MlflowException: Incompatible input types for column emb_0. Can not safely convert float64 to float32.

During handling of the above exception, another exception occurred:

Traceback (most recent call last):
  File "/opt/***/src/models/predict_best_model.py", line 69, in <module>
    predict_best_model(n_users=args.n_users)
  File "/opt/***/src/models/predict_best_model.py", line 40, in predict_best_model
    predictions = model.predict(input_df)
  File "/home/***/.local/lib/python3.10/site-packages/mlflow/pyfunc/__init__.py", line 812, in predict
    return self._predict(data, params)
  File "/home/***/.local/lib/python3.10/site-packages/mlflow/pyfunc/__init__.py", line 851, in _predict
    data, params = _validate_prediction_input(
  File "/home/***/.local/lib/python3.10/site-packages/mlflow/pyfunc/__init__.py", line 733, in _validate_prediction_input
    raise MlflowException.invalid_parameter_value(
mlflow.exceptions.MlflowException: Failed to enforce schema of data '       emb_0     emb_1     emb_2  ...    emb_29    emb_30    emb_31
1  -0.447558  0.658591 -0.366970  ...  0.003412  0.345833 -0.240265
2  -0.487594  0.346592 -0.093707  ... -0.471943  0.136796 -0.007097
3  -0.312335  0.055252 -0.121877  ... -0.023317  0.416304  0.138823
4  -0.434021  0.030295 -0.239490  ... -0.022076  0.082669  0.080820
5  -0.535540  0.058741 -0.190164  ... -0.087738  0.592876  0.012017
6  -0.170633  0.066202 -0.509604  ...  0.083841  0.008202 -0.058397
7  -0.376585 -0.150507 -0.166352  ... -0.008591  0.428270  0.104916
8  -0.571281  0.139313 -0.153991  ...  0.031121  0.115442  0.020792
9  -0.396711  0.045777 -0.213969  ... -0.366294  0.285818 -0.007895
10 -0.477681 -0.063282 -0.142687  ... -0.161980  0.533483  0.344441

[10 rows x 32 columns]' with schema '['emb_0': float (required), 'emb_1': float (required), 'emb_2': float (required), 'emb_3': float (required), 'emb_4': float (required), 'emb_5': float (required), 'emb_6': float (required), 'emb_7': float (required), 'emb_8': float (required), 'emb_9': float (required), 'emb_10': float (required), 'emb_11': float (required), 'emb_12': float (required), 'emb_13': float (required), 'emb_14': float (required), 'emb_15': float (required), 'emb_16': float (required), 'emb_17': float (required), 'emb_18': float (required), 'emb_19': float (required), 'emb_20': float (required), 'emb_21': float (required), 'emb_22': float (required), 'emb_23': float (required), 'emb_24': float (required), 'emb_25': float (required), 'emb_26': float (required), 'emb_27': float (required), 'emb_28': float (required), 'emb_29': float (required), 'emb_30': float (required), 'emb_31': float (required)]'. Error: Incompatible input types for column emb_0. Can not safely convert float64 to float32.

[2025-06-06T19:38:52.822+0000] {train_deep_model_dag.py:29} ERROR - ‚ùå Subprozess-Fehler (exit code 1): python /opt/***/src/models/predict_best_model.py
[2025-06-06T19:38:52.822+0000] {train_deep_model_dag.py:32} ERROR - ‚ùå Subprozess-Ausnahme: Command '['python', '/opt/***/src/models/predict_best_model.py']' returned non-zero exit status 1.
[2025-06-06T19:38:52.823+0000] {taskinstance.py:2698} ERROR - Task failed with exception
Traceback (most recent call last):
  File "/home/airflow/.local/lib/python3.10/site-packages/airflow/models/taskinstance.py", line 433, in _execute_task
    result = execute_callable(context=context, **execute_callable_kwargs)
  File "/home/airflow/.local/lib/python3.10/site-packages/airflow/operators/python.py", line 199, in execute
    return_value = self.execute_callable()
  File "/home/airflow/.local/lib/python3.10/site-packages/airflow/operators/python.py", line 216, in execute_callable
    return self.python_callable(*self.op_args, **self.op_kwargs)
  File "/opt/airflow/dags/train_deep_model_dag.py", line 71, in run_predict_best_model
    run_and_log(["python", "/opt/airflow/src/models/predict_best_model.py"])
  File "/opt/airflow/dags/train_deep_model_dag.py", line 30, in run_and_log
    raise subprocess.CalledProcessError(result.returncode, command)
subprocess.CalledProcessError: Command '['python', '/opt/airflow/src/models/predict_best_model.py']' returned non-zero exit status 1.
[2025-06-06T19:38:52.832+0000] {taskinstance.py:1138} INFO - Marking task as UP_FOR_RETRY. dag_id=deep_models_pipeline, task_id=predict_best_model, execution_date=20250606T193702, start_date=20250606T193837, end_date=20250606T193852
[2025-06-06T19:38:52.844+0000] {standard_task_runner.py:107} ERROR - Failed to execute job 2238 for task predict_best_model (Command '['python', '/opt/airflow/src/models/predict_best_model.py']' returned non-zero exit status 1.; 603)
[2025-06-06T19:38:52.860+0000] {local_task_job_runner.py:234} INFO - Task exited with return code 1
[2025-06-06T19:38:52.872+0000] {taskinstance.py:3280} INFO - 0 downstream tasks scheduled from follow-on schedule check
