[2025-06-06T18:23:17.285+0000] {taskinstance.py:1956} INFO - Dependencies all met for dep_context=non-requeueable deps ti=<TaskInstance: deep_models_pipeline.predict_best_model manual__2025-06-06T18:21:35.852499+00:00 [queued]>
[2025-06-06T18:23:17.293+0000] {taskinstance.py:1956} INFO - Dependencies all met for dep_context=requeueable deps ti=<TaskInstance: deep_models_pipeline.predict_best_model manual__2025-06-06T18:21:35.852499+00:00 [queued]>
[2025-06-06T18:23:17.294+0000] {taskinstance.py:2170} INFO - Starting attempt 1 of 3
[2025-06-06T18:23:17.303+0000] {taskinstance.py:2191} INFO - Executing <Task(PythonOperator): predict_best_model> on 2025-06-06 18:21:35.852499+00:00
[2025-06-06T18:23:17.309+0000] {standard_task_runner.py:60} INFO - Started process 1270 to run task
[2025-06-06T18:23:17.311+0000] {standard_task_runner.py:87} INFO - Running: ['***', 'tasks', 'run', 'deep_models_pipeline', 'predict_best_model', 'manual__2025-06-06T18:21:35.852499+00:00', '--job-id', '2228', '--raw', '--subdir', 'DAGS_FOLDER/train_deep_model_dag.py', '--cfg-path', '/tmp/tmpdd54faf3']
[2025-06-06T18:23:17.313+0000] {standard_task_runner.py:88} INFO - Job 2228: Subtask predict_best_model
[2025-06-06T18:23:17.344+0000] {task_command.py:423} INFO - Running <TaskInstance: deep_models_pipeline.predict_best_model manual__2025-06-06T18:21:35.852499+00:00 [running]> on host ad6b6abc6237
[2025-06-06T18:23:17.396+0000] {taskinstance.py:2480} INFO - Exporting env vars: AIRFLOW_CTX_DAG_OWNER='***' AIRFLOW_CTX_DAG_ID='deep_models_pipeline' AIRFLOW_CTX_TASK_ID='predict_best_model' AIRFLOW_CTX_EXECUTION_DATE='2025-06-06T18:21:35.852499+00:00' AIRFLOW_CTX_TRY_NUMBER='1' AIRFLOW_CTX_DAG_RUN_ID='manual__2025-06-06T18:21:35.852499+00:00'
[2025-06-06T18:23:17.398+0000] {train_deep_model_dag.py:13} INFO - üü¶ Running command: python /opt/***/src/models/predict_best_model.py
[2025-06-06T18:23:32.952+0000] {train_deep_model_dag.py:20} INFO - üü© [stdout]:

[2025-06-06T18:23:32.952+0000] {train_deep_model_dag.py:22} WARNING - üü® [stderr]:
2025-06-06 18:23:19,193 - INFO - üöÄ Starte Prediction f√ºr hybrid_deep_model √ºber MLflow Registry
2025-06-06 18:23:19,193 - INFO - üì¶ Lade Modell: models:/hybrid_deep_model@best_model

Downloading artifacts:   0%|          | 0/8 [00:00<?, ?it/s]
Downloading artifacts:  12%|‚ñà‚ñé        | 1/8 [00:00<00:00, 11814.94it/s]
Downloading artifacts:  25%|‚ñà‚ñà‚ñå       | 2/8 [00:00<00:02,  2.04it/s]   
Downloading artifacts:  25%|‚ñà‚ñà‚ñå       | 2/8 [00:00<00:02,  2.04it/s]
Downloading artifacts:  38%|‚ñà‚ñà‚ñà‚ñä      | 3/8 [00:02<00:03,  1.29it/s]
Downloading artifacts:  38%|‚ñà‚ñà‚ñà‚ñä      | 3/8 [00:02<00:03,  1.29it/s]
Downloading artifacts:  50%|‚ñà‚ñà‚ñà‚ñà‚ñà     | 4/8 [00:03<00:03,  1.24it/s]
Downloading artifacts:  50%|‚ñà‚ñà‚ñà‚ñà‚ñà     | 4/8 [00:03<00:03,  1.24it/s]
Downloading artifacts:  62%|‚ñà‚ñà‚ñà‚ñà‚ñà‚ñà‚ñé   | 5/8 [00:03<00:02,  1.19it/s]
Downloading artifacts:  62%|‚ñà‚ñà‚ñà‚ñà‚ñà‚ñà‚ñé   | 5/8 [00:03<00:02,  1.19it/s]
Downloading artifacts:  75%|‚ñà‚ñà‚ñà‚ñà‚ñà‚ñà‚ñà‚ñå  | 6/8 [00:04<00:01,  1.13it/s]
Downloading artifacts:  75%|‚ñà‚ñà‚ñà‚ñà‚ñà‚ñà‚ñà‚ñå  | 6/8 [00:04<00:01,  1.13it/s]
Downloading artifacts:  88%|‚ñà‚ñà‚ñà‚ñà‚ñà‚ñà‚ñà‚ñà‚ñä | 7/8 [00:06<00:01,  1.05s/it]
Downloading artifacts:  88%|‚ñà‚ñà‚ñà‚ñà‚ñà‚ñà‚ñà‚ñà‚ñä | 7/8 [00:06<00:01,  1.05s/it]
Downloading artifacts: 100%|‚ñà‚ñà‚ñà‚ñà‚ñà‚ñà‚ñà‚ñà‚ñà‚ñà| 8/8 [00:06<00:00,  1.10it/s]
Downloading artifacts: 100%|‚ñà‚ñà‚ñà‚ñà‚ñà‚ñà‚ñà‚ñà‚ñà‚ñà| 8/8 [00:06<00:00,  1.10it/s]
Downloading artifacts: 100%|‚ñà‚ñà‚ñà‚ñà‚ñà‚ñà‚ñà‚ñà‚ñà‚ñà| 8/8 [00:06<00:00,  1.16it/s]
2025-06-06 18:23:32,592 - INFO - üì• Embedding geladen: /opt/***/data/processed/hybrid_deep_embedding.csv ‚Äì Shape: (10381, 64)
2025/06/06 18:23:32 WARNING mlflow.models.utils: Found extra inputs in the model input that are not defined in the model signature: `['emb_41', 'emb_38', 'emb_57', 'emb_61', 'emb_35', 'emb_32', 'emb_44', 'emb_46', 'emb_40', 'emb_54', 'emb_37', 'emb_47', 'emb_48', 'emb_49', 'emb_36', 'emb_39', 'emb_50', 'emb_42', 'emb_52', 'emb_63', 'emb_62', 'emb_56', 'emb_60', 'emb_59', 'emb_51', 'emb_43', 'emb_45', 'emb_58', 'emb_55', 'emb_33', 'emb_34', 'emb_53']`. These inputs will be ignored.
2025-06-06 18:23:32,619 - ERROR - ‚ùå Fehler bei der Modellvorhersage: Failed to enforce schema of data '       emb_0     emb_1     emb_2  ...    emb_61    emb_62    emb_63
1  -0.459547  0.150609 -0.495231  ...  0.423208  0.028206  0.157370
2  -0.131567  0.159619 -0.351473  ...  0.351177 -0.188236 -0.118497
3  -0.064098  0.147650 -0.149435  ...  0.220206  0.013880  0.150145
4  -0.272071  0.212365  0.035652  ...  0.227655 -0.069138  0.101505
5   0.046777  0.045019 -0.260088  ...  0.243412 -0.104188  0.084482
6  -0.393445  0.263278  0.267426  ... -0.098709  0.263091  0.220552
7  -0.265413  0.237246 -0.219068  ...  0.493252 -0.083652 -0.165045
8  -0.220222  0.180442 -0.080140  ...  0.180638 -0.063024 -0.074633
9  -0.161299  0.098155  0.019814  ...  0.091379  0.029654  0.202789
10  0.030622 -0.233712  0.171135  ...  0.068813 -0.445181  0.532180

[10 rows x 64 columns]' with schema '['emb_0': float (required), 'emb_1': float (required), 'emb_2': float (required), 'emb_3': float (required), 'emb_4': float (required), 'emb_5': float (required), 'emb_6': float (required), 'emb_7': float (required), 'emb_8': float (required), 'emb_9': float (required), 'emb_10': float (required), 'emb_11': float (required), 'emb_12': float (required), 'emb_13': float (required), 'emb_14': float (required), 'emb_15': float (required), 'emb_16': float (required), 'emb_17': float (required), 'emb_18': float (required), 'emb_19': float (required), 'emb_20': float (required), 'emb_21': float (required), 'emb_22': float (required), 'emb_23': float (required), 'emb_24': float (required), 'emb_25': float (required), 'emb_26': float (required), 'emb_27': float (required), 'emb_28': float (required), 'emb_29': float (required), 'emb_30': float (required), 'emb_31': float (required)]'. Error: Incompatible input types for column emb_0. Can not safely convert float64 to float32.
Traceback (most recent call last):
  File "/home/***/.local/lib/python3.10/site-packages/mlflow/pyfunc/__init__.py", line 730, in _validate_prediction_input
    data = _enforce_schema(data, input_schema, flavor)
  File "/home/***/.local/lib/python3.10/site-packages/mlflow/models/utils.py", line 1284, in _enforce_schema
    _enforce_named_col_schema(pf_input, input_schema)
  File "/home/***/.local/lib/python3.10/site-packages/mlflow/models/utils.py", line 986, in _enforce_named_col_schema
    new_pf_input[name] = _enforce_mlflow_datatype(name, pf_input[name], input_type)
  File "/home/***/.local/lib/python3.10/site-packages/mlflow/models/utils.py", line 878, in _enforce_mlflow_datatype
    raise MlflowException(
mlflow.exceptions.MlflowException: Incompatible input types for column emb_0. Can not safely convert float64 to float32.

During handling of the above exception, another exception occurred:

Traceback (most recent call last):
  File "/opt/***/src/models/predict_best_model.py", line 69, in <module>
    predict_best_model(n_users=args.n_users)
  File "/opt/***/src/models/predict_best_model.py", line 40, in predict_best_model
    predictions = model.predict(input_df)
  File "/home/***/.local/lib/python3.10/site-packages/mlflow/pyfunc/__init__.py", line 812, in predict
    return self._predict(data, params)
  File "/home/***/.local/lib/python3.10/site-packages/mlflow/pyfunc/__init__.py", line 851, in _predict
    data, params = _validate_prediction_input(
  File "/home/***/.local/lib/python3.10/site-packages/mlflow/pyfunc/__init__.py", line 733, in _validate_prediction_input
    raise MlflowException.invalid_parameter_value(
mlflow.exceptions.MlflowException: Failed to enforce schema of data '       emb_0     emb_1     emb_2  ...    emb_61    emb_62    emb_63
1  -0.459547  0.150609 -0.495231  ...  0.423208  0.028206  0.157370
2  -0.131567  0.159619 -0.351473  ...  0.351177 -0.188236 -0.118497
3  -0.064098  0.147650 -0.149435  ...  0.220206  0.013880  0.150145
4  -0.272071  0.212365  0.035652  ...  0.227655 -0.069138  0.101505
5   0.046777  0.045019 -0.260088  ...  0.243412 -0.104188  0.084482
6  -0.393445  0.263278  0.267426  ... -0.098709  0.263091  0.220552
7  -0.265413  0.237246 -0.219068  ...  0.493252 -0.083652 -0.165045
8  -0.220222  0.180442 -0.080140  ...  0.180638 -0.063024 -0.074633
9  -0.161299  0.098155  0.019814  ...  0.091379  0.029654  0.202789
10  0.030622 -0.233712  0.171135  ...  0.068813 -0.445181  0.532180

[10 rows x 64 columns]' with schema '['emb_0': float (required), 'emb_1': float (required), 'emb_2': float (required), 'emb_3': float (required), 'emb_4': float (required), 'emb_5': float (required), 'emb_6': float (required), 'emb_7': float (required), 'emb_8': float (required), 'emb_9': float (required), 'emb_10': float (required), 'emb_11': float (required), 'emb_12': float (required), 'emb_13': float (required), 'emb_14': float (required), 'emb_15': float (required), 'emb_16': float (required), 'emb_17': float (required), 'emb_18': float (required), 'emb_19': float (required), 'emb_20': float (required), 'emb_21': float (required), 'emb_22': float (required), 'emb_23': float (required), 'emb_24': float (required), 'emb_25': float (required), 'emb_26': float (required), 'emb_27': float (required), 'emb_28': float (required), 'emb_29': float (required), 'emb_30': float (required), 'emb_31': float (required)]'. Error: Incompatible input types for column emb_0. Can not safely convert float64 to float32.

[2025-06-06T18:23:32.953+0000] {train_deep_model_dag.py:29} ERROR - ‚ùå Subprozess-Fehler (exit code 1): python /opt/***/src/models/predict_best_model.py
[2025-06-06T18:23:32.954+0000] {train_deep_model_dag.py:32} ERROR - ‚ùå Subprozess-Ausnahme: Command '['python', '/opt/***/src/models/predict_best_model.py']' returned non-zero exit status 1.
[2025-06-06T18:23:32.954+0000] {taskinstance.py:2698} ERROR - Task failed with exception
Traceback (most recent call last):
  File "/home/airflow/.local/lib/python3.10/site-packages/airflow/models/taskinstance.py", line 433, in _execute_task
    result = execute_callable(context=context, **execute_callable_kwargs)
  File "/home/airflow/.local/lib/python3.10/site-packages/airflow/operators/python.py", line 199, in execute
    return_value = self.execute_callable()
  File "/home/airflow/.local/lib/python3.10/site-packages/airflow/operators/python.py", line 216, in execute_callable
    return self.python_callable(*self.op_args, **self.op_kwargs)
  File "/opt/airflow/dags/train_deep_model_dag.py", line 71, in run_predict_best_model
    run_and_log(["python", "/opt/airflow/src/models/predict_best_model.py"])
  File "/opt/airflow/dags/train_deep_model_dag.py", line 30, in run_and_log
    raise subprocess.CalledProcessError(result.returncode, command)
subprocess.CalledProcessError: Command '['python', '/opt/airflow/src/models/predict_best_model.py']' returned non-zero exit status 1.
[2025-06-06T18:23:32.964+0000] {taskinstance.py:1138} INFO - Marking task as UP_FOR_RETRY. dag_id=deep_models_pipeline, task_id=predict_best_model, execution_date=20250606T182135, start_date=20250606T182317, end_date=20250606T182332
[2025-06-06T18:23:32.975+0000] {standard_task_runner.py:107} ERROR - Failed to execute job 2228 for task predict_best_model (Command '['python', '/opt/airflow/src/models/predict_best_model.py']' returned non-zero exit status 1.; 1270)
[2025-06-06T18:23:32.985+0000] {local_task_job_runner.py:234} INFO - Task exited with return code 1
[2025-06-06T18:23:32.999+0000] {taskinstance.py:3280} INFO - 0 downstream tasks scheduled from follow-on schedule check
